﻿
> smart-attend@0.0.0 build
> vite build

[36mvite v5.4.21 [32mbuilding for production...[36m[39m
transforming...
[32mΓ£ô[39m 966 modules transformed.
node.exe : [31mx[39m 
Build failed in 2.73s
At line:1 char:1
+ & "C:\node/node.exe" 
"C:\node/node_modules/n
pm/bin/npm-cli.js" run 
bu ...
+ ~~~~~~~~~~~~~~~~~~~~~
~~~~~~~~~~~~~~~~~~~~~~~
~~~~~~~~~~~~~~~~~~~~~~~
~~
    + CategoryInfo     
         : NotSpecifi  
  ed: ([31mx[39m B   
 uild failed in 2.7    
3s:String) [], Rem    
oteException
    + FullyQualifiedEr 
   rorId : NativeComm  
  andError
 
[31merror during 
build:
[31m[vite-plugin-pwa:b
uild] There was an 
error during the build:
  src/components/dashbo
ards/StudentDashboard.j
sx (10:9): 
"STUDENT_SUBJECTS" is 
not exported by "src/ut
ils/constants.js", 
imported by "src/compon
ents/dashboards/Student
Dashboard.jsx".
Additionally, handling 
the error in the 
'buildEnd' hook caused 
the following error:
  src/components/dashbo
ards/StudentDashboard.j
sx (10:9): 
"STUDENT_SUBJECTS" is 
not exported by "src/ut
ils/constants.js", 
imported by "src/compon
ents/dashboards/Student
Dashboard.jsx".[31m
file: [36mC:/Users/dan
do/Downloads/Attendence
/src/components/dashboa
rds/StudentDashboard.js
x:10:9[31m
[33m
 8: import 
attendanceService from 
'../../services/attenda
nceService';
 9: import 
attendanceBlockchain 
from '../../services/at
tendanceBlockchain';
10: import { 
STUDENT_SUBJECTS, 
parseTime, 
resolveSubjectAtTime, 
getCurrentTimestamp } 
from '../../utils/const
ants';
             ^
11: import { Calendar, 
momentLocalizer } from 
'react-big-calendar';
12: import moment from 
'moment';
[31m
    at getRollupError (
file:///C:/Users/dando/
Downloads/Attendence/no
de_modules/rollup/dist/
es/shared/parseAst.js:4
02:41)
    at file:///C:/Users
/dando/Downloads/Attend
ence/node_modules/rollu
p/dist/es/shared/node-e
ntry.js:23444:39
    at async catchUnfin
ishedHookActions (file:
///C:/Users/dando/Downl
oads/Attendence/node_mo
dules/rollup/dist/es/sh
ared/node-entry.js:2290
2:16)
    at async 
rollupInternal (file://
/C:/Users/dando/Downloa
ds/Attendence/node_modu
les/rollup/dist/es/shar
ed/node-entry.js:23427:
5)
    at async build (fil
e:///C:/Users/dando/Dow
nloads/Attendence/node_
modules/vite/dist/node/
chunks/dep-BK3b2jBa.js:
65709:14)
    at async 
CAC.<anonymous> (file:/
//C:/Users/dando/Downlo
ads/Attendence/node_mod
ules/vite/dist/node/cli
.js:829:5)[39m
